--------------------------------------------------------------------------------
Release 10.1 Trace  (nt64)
Copyright (c) 1995-2008 Xilinx, Inc.  All rights reserved.

C:\Xilinx\10.1\ISE\bin\nt64\unwrapped\trce.exe -ise
F:/LSDI/1MIEEC01/good/LSDI2015_lab2/LSDI2015_lab2.ise -intstyle ise -e 3 -s 5
-xml s3board_toplevel s3board_toplevel.ncd -o s3board_toplevel.twr
s3board_toplevel.pcf -ucf s3board_toplevel.ucf

Design file:              s3board_toplevel.ncd
Physical constraint file: s3board_toplevel.pcf
Device,package,speed:     xc3s200,ft256,-5 (PRODUCTION 1.39 2008-01-09)
Report level:             error report

Environment Variable      Effect 
--------------------      ------ 
NONE                      No environment variables were set
--------------------------------------------------------------------------------

INFO:Timing:2752 - To get complete path coverage, use the unconstrained paths 
   option. All paths that are not constrained will be reported in the 
   unconstrained paths section(s) of the report.
INFO:Timing:3339 - The clock-to-out numbers in this timing report are based on 
   a 50 Ohm transmission line loading model.  For the details of this model, 
   and for more information on accounting for different loading conditions, 
   please see the device datasheet.

================================================================================
Timing constraint: TS_clock50MHz = PERIOD TIMEGRP "clock50MHz" 20 ns HIGH 50%;

 517 paths analyzed, 41 endpoints analyzed, 0 failing endpoints
 0 timing errors detected. (0 setup errors, 0 hold errors)
 Minimum period is   5.325ns.
--------------------------------------------------------------------------------


All constraints were met.


Data Sheet report:
-----------------
All values displayed in nanoseconds (ns)

Clock to Setup on destination clock clock50MHz
---------------+---------+---------+---------+---------+
               | Src:Rise| Src:Fall| Src:Rise| Src:Fall|
Source Clock   |Dest:Rise|Dest:Rise|Dest:Fall|Dest:Fall|
---------------+---------+---------+---------+---------+
clock50MHz     |    5.325|         |         |         |
---------------+---------+---------+---------+---------+


Timing summary:
---------------

Timing errors: 0  Score: 0

Constraints cover 517 paths, 0 nets, and 98 connections

Design statistics:
   Minimum period:   5.325ns   (Maximum frequency: 187.793MHz)


Analysis completed Thu Nov 12 17:42:39 2015 
--------------------------------------------------------------------------------

Trace Settings:
-------------------------
Trace Settings 

Peak Memory Usage: 147 MB



